// Jest Snapshot v1, https://goo.gl/fbAQLP

exports[`Test snapshot 1`] = `
<div
  style="width: 100%; height: 100%;"
/>
`;
